#-----------------------------------------------------------
# Vivado v2023.1 (64-bit)
# SW Build 3865809 on Sun May  7 15:05:29 MDT 2023
# IP Build 3864474 on Sun May  7 20:36:21 MDT 2023
# SharedData Build 3865790 on Sun May 07 13:33:03 MDT 2023
# Start of session at: Fri Sep 13 14:37:52 2024
# Process ID: 2580
# Current directory: D:/CUM-main/CUM-main/lab23
# Command line: vivado.exe -gui_launcher_event rodinguilauncherevent9292 D:\CUM-main\CUM-main\lab23\lab23.xpr
# Log file: D:/CUM-main/CUM-main/lab23/vivado.log
# Journal file: D:/CUM-main/CUM-main/lab23\vivado.jou
# Running On: RTS253UVL06, OS: Windows, CPU Frequency: 2496 MHz, CPU Physical cores: 4, Host memory: 8476 MB
#-----------------------------------------------------------
start_gui
open_project D:/CUM-main/CUM-main/lab23/lab23.xpr
open_hw_manager
update_compile_order -fileset sources_1
connect_hw_server -allow_non_jtag
open_hw_target
disconnect_hw_server localhost:3121
connect_hw_server -allow_non_jtag
disconnect_hw_server localhost:3121
connect_hw_server -allow_non_jtag
open_hw_target
set_property PROGRAM.FILE {D:/CUM-main/CUM-main/lab23/lab23.runs/impl_1/lab23.bit} [get_hw_devices xc7a35t_0]
current_hw_device [get_hw_devices xc7a35t_0]
refresh_hw_device -update_hw_probes false [lindex [get_hw_devices xc7a35t_0] 0]
set_property PROBES.FILE {} [get_hw_devices xc7a35t_0]
set_property FULL_PROBES.FILE {} [get_hw_devices xc7a35t_0]
set_property PROGRAM.FILE {D:/CUM-main/CUM-main/lab23/lab23.runs/impl_1/lab23.bit} [get_hw_devices xc7a35t_0]
program_hw_devices [get_hw_devices xc7a35t_0]
refresh_hw_device [lindex [get_hw_devices xc7a35t_0] 0]
